125.141.73.54 - - [20/Jan/2015:08:18:43 -0500] "GET /gpforum/adm/images/gradient2b.gif HTTP/1.1" 304 179 "http://107.170.230.52/gpforum/adm/style/admin.css" "Mozilla/5.0 (X11; Ubuntu; Linux x86_64; rv:35.0) Gecko/20100101 Firefox/35.0"
125.141.73.54 - - [20/Jan/2015:08:18:45 -0500] "GET /gpforum/adm/index.php?sid=1476e31432194ad847c60b5e7594e3c8&i=logs&mode=critical HTTP/1.1" 200 7841 "http://107.170.230.52/gpforum/adm/index.php?sid=1476e31432194ad847c60b5e7594e3c8&i=24" "Mozilla/5.0 (X11; Ubuntu; Linux x86_64; rv:35.0) Gecko/20100101 Firefox/35.0"
125.141.73.54 - - [20/Jan/2015:08:18:45 -0500] "GET /gpforum/adm/style/admin.css HTTP/1.1" 200 6507 "http://107.170.230.52/gpforum/adm/index.php?sid=1476e31432194ad847c60b5e7594e3c8&i=logs&mode=critical" "Mozilla/5.0 (X11; Ubuntu; Linux x86_64; rv:35.0) Gecko/20100101 Firefox/35.0"
125.141.73.54 - - [20/Jan/2015:08:18:45 -0500] "GET /gpforum/adm/images/innerbox_bg.gif HTTP/1.1" 304 180 "http://107.170.230.52/gpforum/adm/style/admin.css" "Mozilla/5.0 (X11; Ubuntu; Linux x86_64; rv:35.0) Gecko/20100101 Firefox/35.0"
125.141.73.54 - - [20/Jan/2015:08:18:45 -0500] "GET /gpforum/adm/images/corners_left.gif HTTP/1.1" 304 180 "http://107.170.230.52/gpforum/adm/style/admin.css" "Mozilla/5.0 (X11; Ubuntu; Linux x86_64; rv:35.0) Gecko/20100101 Firefox/35.0"
125.141.73.54 - - [20/Jan/2015:08:18:45 -0500] "GET /gpforum/adm/images/phpbb_logo.png HTTP/1.1" 304 181 "http://107.170.230.52/gpforum/adm/style/admin.css" "Mozilla/5.0 (X11; Ubuntu; Linux x86_64; rv:35.0) Gecko/20100101 Firefox/35.0"
125.141.73.54 - - [20/Jan/2015:08:18:45 -0500] "GET /gpforum/adm/images/bg_tabs1.gif HTTP/1.1" 304 180 "http://107.170.230.52/gpforum/adm/style/admin.css" "Mozilla/5.0 (X11; Ubuntu; Linux x86_64; rv:35.0) Gecko/20100101 Firefox/35.0"
125.141.73.54 - - [20/Jan/2015:08:18:45 -0500] "GET /gpforum/adm/images/bg_tabs2.gif HTTP/1.1" 304 180 "http://107.170.230.52/gpforum/adm/style/admin.css" "Mozilla/5.0 (X11; Ubuntu; Linux x86_64; rv:35.0) Gecko/20100101 Firefox/35.0"
125.141.73.54 - - [20/Jan/2015:08:18:45 -0500] "GET /gpforum/adm/images/corners_right.gif HTTP/1.1" 304 179 "http://107.170.230.52/gpforum/adm/style/admin.css" "Mozilla/5.0 (X11; Ubuntu; Linux x86_64; rv:35.0) Gecko/20100101 Firefox/35.0"
125.141.73.54 - - [20/Jan/2015:08:18:45 -0500] "GET /gpforum/adm/images/toggle.gif HTTP/1.1" 304 180 "http://107.170.230.52/gpforum/adm/style/admin.css" "Mozilla/5.0 (X11; Ubuntu; Linux x86_64; rv:35.0) Gecko/20100101 Firefox/35.0"
125.141.73.54 - - [20/Jan/2015:08:18:45 -0500] "GET /gpforum/adm/images/arrow_right.gif HTTP/1.1" 304 179 "http://107.170.230.52/gpforum/adm/style/admin.css" "Mozilla/5.0 (X11; Ubuntu; Linux x86_64; rv:35.0) Gecko/20100101 Firefox/35.0"
125.141.73.54 - - [20/Jan/2015:08:18:45 -0500] "GET /gpforum/adm/images/bg_button.gif HTTP/1.1" 304 179 "http://107.170.230.52/gpforum/adm/style/admin.css" "Mozilla/5.0 (X11; Ubuntu; Linux x86_64; rv:35.0) Gecko/20100101 Firefox/35.0"
125.141.73.54 - - [20/Jan/2015:08:18:45 -0500] "GET /gpforum/adm/images/gradient2b.gif HTTP/1.1" 304 179 "http://107.170.230.52/gpforum/adm/style/admin.css" "Mozilla/5.0 (X11; Ubuntu; Linux x86_64; rv:35.0) Gecko/20100101 Firefox/35.0"
125.141.73.54 - - [20/Jan/2015:08:18:46 -0500] "GET /gpforum/adm/index.php?sid=1476e31432194ad847c60b5e7594e3c8&i=logs&mode=critical HTTP/1.1" 200 7841 "http://107.170.230.52/gpforum/adm/index.php?sid=1476e31432194ad847c60b5e7594e3c8&i=24" "Mozilla/5.0 (X11; Ubuntu; Linux x86_64; rv:35.0) Gecko/20100101 Firefox/35.0"
125.141.73.54 - - [20/Jan/2015:08:18:46 -0500] "GET /gpforum/adm/style/admin.css HTTP/1.1" 200 6507 "http://107.170.230.52/gpforum/adm/index.php?sid=1476e31432194ad847c60b5e7594e3c8&i=logs&mode=critical" "Mozilla/5.0 (X11; Ubuntu; Linux x86_64; rv:35.0) Gecko/20100101 Firefox/35.0"
125.141.73.54 - - [20/Jan/2015:08:18:46 -0500] "GET /gpforum/adm/images/innerbox_bg.gif HTTP/1.1" 304 180 "http://107.170.230.52/gpforum/adm/style/admin.css" "Mozilla/5.0 (X11; Ubuntu; Linux x86_64; rv:35.0) Gecko/20100101 Firefox/35.0"
125.141.73.54 - - [20/Jan/2015:08:18:46 -0500] "GET /gpforum/adm/images/corners_left.gif HTTP/1.1" 304 180 "http://107.170.230.52/gpforum/adm/style/admin.css" "Mozilla/5.0 (X11; Ubuntu; Linux x86_64; rv:35.0) Gecko/20100101 Firefox/35.0"
125.141.73.54 - - [20/Jan/2015:08:18:46 -0500] "GET /gpforum/adm/images/phpbb_logo.png HTTP/1.1" 304 181 "http://107.170.230.52/gpforum/adm/style/admin.css" "Mozilla/5.0 (X11; Ubuntu; Linux x86_64; rv:35.0) Gecko/20100101 Firefox/35.0"
125.141.73.54 - - [20/Jan/2015:08:18:46 -0500] "GET /gpforum/adm/images/bg_tabs1.gif HTTP/1.1" 304 180 "http://107.170.230.52/gpforum/adm/style/admin.css" "Mozilla/5.0 (X11; Ubuntu; Linux x86_64; rv:35.0) Gecko/20100101 Firefox/35.0"
125.141.73.54 - - [20/Jan/2015:08:18:46 -0500] "GET /gpforum/adm/images/bg_tabs2.gif HTTP/1.1" 304 180 "http://107.170.230.52/gpforum/adm/style/admin.css" "Mozilla/5.0 (X11; Ubuntu; Linux x86_64; rv:35.0) Gecko/20100101 Firefox/35.0"
125.141.73.54 - - [20/Jan/2015:08:18:46 -0500] "GET /gpforum/adm/images/corners_right.gif HTTP/1.1" 304 179 "http://107.170.230.52/gpforum/adm/style/admin.css" "Mozilla/5.0 (X11; Ubuntu; Linux x86_64; rv:35.0) Gecko/20100101 Firefox/35.0"
125.141.73.54 - - [20/Jan/2015:08:18:46 -0500] "GET /gpforum/adm/images/toggle.gif HTTP/1.1" 304 180 "http://107.170.230.52/gpforum/adm/style/admin.css" "Mozilla/5.0 (X11; Ubuntu; Linux x86_64; rv:35.0) Gecko/20100101 Firefox/35.0"
125.141.73.54 - - [20/Jan/2015:08:18:46 -0500] "GET /gpforum/adm/images/arrow_right.gif HTTP/1.1" 304 179 "http://107.170.230.52/gpforum/adm/style/admin.css" "Mozilla/5.0 (X11; Ubuntu; Linux x86_64; rv:35.0) Gecko/20100101 Firefox/35.0"
125.141.73.54 - - [20/Jan/2015:08:18:46 -0500] "GET /gpforum/adm/images/gradient2b.gif HTTP/1.1" 304 179 "http://107.170.230.52/gpforum/adm/style/admin.css" "Mozilla/5.0 (X11; Ubuntu; Linux x86_64; rv:35.0) Gecko/20100101 Firefox/35.0"
125.141.73.54 - - [20/Jan/2015:08:18:46 -0500] "GET /gpforum/adm/images/bg_button.gif HTTP/1.1" 304 179 "http://107.170.230.52/gpforum/adm/style/admin.css" "Mozilla/5.0 (X11; Ubuntu; Linux x86_64; rv:35.0) Gecko/20100101 Firefox/35.0"
::1 - - [20/Jan/2015:08:18:52 -0500] "OPTIONS * HTTP/1.0" 200 126 "-" "Apache/2.4.10 (Ubuntu) PHP/5.5.12-2ubuntu4.1 mod_wsgi/3.5 Python/2.7.8 (internal dummy connection)"
125.141.73.54 - - [20/Jan/2015:08:18:52 -0500] "GET /gpforum/adm/index.php?sid=1476e31432194ad847c60b5e7594e3c8&i=logs&mode=critical HTTP/1.1" 200 7842 "http://107.170.230.52/gpforum/adm/index.php?sid=1476e31432194ad847c60b5e7594e3c8&i=24" "Mozilla/5.0 (X11; Ubuntu; Linux x86_64; rv:35.0) Gecko/20100101 Firefox/35.0"
125.141.73.54 - - [20/Jan/2015:08:18:52 -0500] "GET /gpforum/adm/style/admin.css HTTP/1.1" 200 6507 "http://107.170.230.52/gpforum/adm/index.php?sid=1476e31432194ad847c60b5e7594e3c8&i=logs&mode=critical" "Mozilla/5.0 (X11; Ubuntu; Linux x86_64; rv:35.0) Gecko/20100101 Firefox/35.0"
125.141.73.54 - - [20/Jan/2015:08:18:52 -0500] "GET /gpforum/adm/images/phpbb_logo.png HTTP/1.1" 304 181 "http://107.170.230.52/gpforum/adm/style/admin.css" "Mozilla/5.0 (X11; Ubuntu; Linux x86_64; rv:35.0) Gecko/20100101 Firefox/35.0"
125.141.73.54 - - [20/Jan/2015:08:18:53 -0500] "GET /gpforum/adm/images/bg_tabs1.gif HTTP/1.1" 304 180 "http://107.170.230.52/gpforum/adm/style/admin.css" "Mozilla/5.0 (X11; Ubuntu; Linux x86_64; rv:35.0) Gecko/20100101 Firefox/35.0"
125.141.73.54 - - [20/Jan/2015:08:18:53 -0500] "GET /gpforum/adm/images/corners_left.gif HTTP/1.1" 304 181 "http://107.170.230.52/gpforum/adm/style/admin.css" "Mozilla/5.0 (X11; Ubuntu; Linux x86_64; rv:35.0) Gecko/20100101 Firefox/35.0"
125.141.73.54 - - [20/Jan/2015:08:18:53 -0500] "GET /gpforum/adm/images/innerbox_bg.gif HTTP/1.1" 304 181 "http://107.170.230.52/gpforum/adm/style/admin.css" "Mozilla/5.0 (X11; Ubuntu; Linux x86_64; rv:35.0) Gecko/20100101 Firefox/35.0"
125.141.73.54 - - [20/Jan/2015:08:18:53 -0500] "GET /gpforum/adm/images/corners_right.gif HTTP/1.1" 304 180 "http://107.170.230.52/gpforum/adm/style/admin.css" "Mozilla/5.0 (X11; Ubuntu; Linux x86_64; rv:35.0) Gecko/20100101 Firefox/35.0"
125.141.73.54 - - [20/Jan/2015:08:18:53 -0500] "GET /gpforum/adm/images/bg_tabs2.gif HTTP/1.1" 304 181 "http://107.170.230.52/gpforum/adm/style/admin.css" "Mozilla/5.0 (X11; Ubuntu; Linux x86_64; rv:35.0) Gecko/20100101 Firefox/35.0"
125.141.73.54 - - [20/Jan/2015:08:18:53 -0500] "GET /gpforum/adm/images/toggle.gif HTTP/1.1" 304 181 "http://107.170.230.52/gpforum/adm/style/admin.css" "Mozilla/5.0 (X11; Ubuntu; Linux x86_64; rv:35.0) Gecko/20100101 Firefox/35.0"
125.141.73.54 - - [20/Jan/2015:08:18:53 -0500] "GET /gpforum/adm/images/arrow_right.gif HTTP/1.1" 304 179 "http://107.170.230.52/gpforum/adm/style/admin.css" "Mozilla/5.0 (X11; Ubuntu; Linux x86_64; rv:35.0) Gecko/20100101 Firefox/35.0"
125.141.73.54 - - [20/Jan/2015:08:18:53 -0500] "GET /gpforum/adm/images/bg_button.gif HTTP/1.1" 304 179 "http://107.170.230.52/gpforum/adm/style/admin.css" "Mozilla/5.0 (X11; Ubuntu; Linux x86_64; rv:35.0) Gecko/20100101 Firefox/35.0"
125.141.73.54 - - [20/Jan/2015:08:18:53 -0500] "GET /gpforum/adm/images/gradient2b.gif HTTP/1.1" 304 179 "http://107.170.230.52/gpforum/adm/style/admin.css" "Mozilla/5.0 (X11; Ubuntu; Linux x86_64; rv:35.0) Gecko/20100101 Firefox/35.0"
125.141.73.54 - - [20/Jan/2015:08:18:53 -0500] "GET /gpforum/adm/index.php?sid=1476e31432194ad847c60b5e7594e3c8&i=1 HTTP/1.1" 200 4754 "http://107.170.230.52/gpforum/adm/index.php?sid=1476e31432194ad847c60b5e7594e3c8&i=logs&mode=critical" "Mozilla/5.0 (X11; Ubuntu; Linux x86_64; rv:35.0) Gecko/20100101 Firefox/35.0"
125.141.73.54 - - [20/Jan/2015:08:18:55 -0500] "GET /gpforum/adm/index.php?sid=1476e31432194ad847c60b5e7594e3c8&i=board&mode=email HTTP/1.1" 200 4746 "http://107.170.230.52/gpforum/adm/index.php?sid=1476e31432194ad847c60b5e7594e3c8&i=1" "Mozilla/5.0 (X11; Ubuntu; Linux x86_64; rv:35.0) Gecko/20100101 Firefox/35.0"
::1 - - [20/Jan/2015:08:18:58 -0500] "OPTIONS * HTTP/1.0" 200 126 "-" "Apache/2.4.10 (Ubuntu) PHP/5.5.12-2ubuntu4.1 mod_wsgi/3.5 Python/2.7.8 (internal dummy connection)"
::1 - - [20/Jan/2015:08:19:01 -0500] "OPTIONS * HTTP/1.0" 200 126 "-" "Apache/2.4.10 (Ubuntu) PHP/5.5.12-2ubuntu4.1 mod_wsgi/3.5 Python/2.7.8 (internal dummy connection)"
125.141.73.54 - - [20/Jan/2015:08:19:11 -0500] "GET /gpforum/adm/index.php?sid=1476e31432194ad847c60b5e7594e3c8&i=24 HTTP/1.1" 200 3937 "http://107.170.230.52/gpforum/adm/index.php?sid=1476e31432194ad847c60b5e7594e3c8&i=board&mode=email" "Mozilla/5.0 (X11; Ubuntu; Linux x86_64; rv:35.0) Gecko/20100101 Firefox/35.0"
125.141.73.54 - - [20/Jan/2015:08:19:14 -0500] "GET /gpforum/adm/index.php?sid=1476e31432194ad847c60b5e7594e3c8&i=logs&mode=critical HTTP/1.1" 200 7841 "http://107.170.230.52/gpforum/adm/index.php?sid=1476e31432194ad847c60b5e7594e3c8&i=24" "Mozilla/5.0 (X11; Ubuntu; Linux x86_64; rv:35.0) Gecko/20100101 Firefox/35.0"
125.141.73.54 - - [20/Jan/2015:08:20:23 -0500] "GET /gpforum/adm/index.php?sid=1476e31432194ad847c60b5e7594e3c8&i=logs&mode=critical HTTP/1.1" 200 7842 "http://107.170.230.52/gpforum/adm/index.php?sid=1476e31432194ad847c60b5e7594e3c8&i=24" "Mozilla/5.0 (X11; Ubuntu; Linux x86_64; rv:35.0) Gecko/20100101 Firefox/35.0"
125.141.73.54 - - [20/Jan/2015:08:20:23 -0500] "GET /gpforum/adm/style/admin.css HTTP/1.1" 200 6507 "http://107.170.230.52/gpforum/adm/index.php?sid=1476e31432194ad847c60b5e7594e3c8&i=logs&mode=critical" "Mozilla/5.0 (X11; Ubuntu; Linux x86_64; rv:35.0) Gecko/20100101 Firefox/35.0"
125.141.73.54 - - [20/Jan/2015:08:20:23 -0500] "GET /gpforum/adm/images/phpbb_logo.png HTTP/1.1" 304 181 "http://107.170.230.52/gpforum/adm/style/admin.css" "Mozilla/5.0 (X11; Ubuntu; Linux x86_64; rv:35.0) Gecko/20100101 Firefox/35.0"
125.141.73.54 - - [20/Jan/2015:08:20:23 -0500] "GET /gpforum/adm/images/bg_tabs1.gif HTTP/1.1" 304 180 "http://107.170.230.52/gpforum/adm/style/admin.css" "Mozilla/5.0 (X11; Ubuntu; Linux x86_64; rv:35.0) Gecko/20100101 Firefox/35.0"
125.141.73.54 - - [20/Jan/2015:08:20:23 -0500] "GET /gpforum/adm/images/innerbox_bg.gif HTTP/1.1" 304 181 "http://107.170.230.52/gpforum/adm/style/admin.css" "Mozilla/5.0 (X11; Ubuntu; Linux x86_64; rv:35.0) Gecko/20100101 Firefox/35.0"
125.141.73.54 - - [20/Jan/2015:08:20:23 -0500] "GET /gpforum/adm/images/bg_tabs2.gif HTTP/1.1" 304 181 "http://107.170.230.52/gpforum/adm/style/admin.css" "Mozilla/5.0 (X11; Ubuntu; Linux x86_64; rv:35.0) Gecko/20100101 Firefox/35.0"
125.141.73.54 - - [20/Jan/2015:08:20:23 -0500] "GET /gpforum/adm/images/corners_left.gif HTTP/1.1" 304 181 "http://107.170.230.52/gpforum/adm/style/admin.css" "Mozilla/5.0 (X11; Ubuntu; Linux x86_64; rv:35.0) Gecko/20100101 Firefox/35.0"
125.141.73.54 - - [20/Jan/2015:08:20:23 -0500] "GET /gpforum/adm/images/corners_right.gif HTTP/1.1" 304 180 "http://107.170.230.52/gpforum/adm/style/admin.css" "Mozilla/5.0 (X11; Ubuntu; Linux x86_64; rv:35.0) Gecko/20100101 Firefox/35.0"
125.141.73.54 - - [20/Jan/2015:08:20:23 -0500] "GET /gpforum/adm/images/toggle.gif HTTP/1.1" 304 181 "http://107.170.230.52/gpforum/adm/style/admin.css" "Mozilla/5.0 (X11; Ubuntu; Linux x86_64; rv:35.0) Gecko/20100101 Firefox/35.0"
125.141.73.54 - - [20/Jan/2015:08:20:24 -0500] "GET /gpforum/adm/images/arrow_right.gif HTTP/1.1" 304 179 "http://107.170.230.52/gpforum/adm/style/admin.css" "Mozilla/5.0 (X11; Ubuntu; Linux x86_64; rv:35.0) Gecko/20100101 Firefox/35.0"
125.141.73.54 - - [20/Jan/2015:08:20:24 -0500] "GET /gpforum/adm/images/bg_button.gif HTTP/1.1" 304 179 "http://107.170.230.52/gpforum/adm/style/admin.css" "Mozilla/5.0 (X11; Ubuntu; Linux x86_64; rv:35.0) Gecko/20100101 Firefox/35.0"
125.141.73.54 - - [20/Jan/2015:08:20:24 -0500] "GET /gpforum/adm/images/gradient2b.gif HTTP/1.1" 304 179 "http://107.170.230.52/gpforum/adm/style/admin.css" "Mozilla/5.0 (X11; Ubuntu; Linux x86_64; rv:35.0) Gecko/20100101 Firefox/35.0"
::1 - - [20/Jan/2015:08:20:29 -0500] "OPTIONS * HTTP/1.0" 200 126 "-" "Apache/2.4.10 (Ubuntu) PHP/5.5.12-2ubuntu4.1 mod_wsgi/3.5 Python/2.7.8 (internal dummy connection)"
125.141.73.54 - - [20/Jan/2015:08:20:48 -0500] "GET /gpforum/adm/index.php?sid=1476e31432194ad847c60b5e7594e3c8&i=1 HTTP/1.1" 200 4755 "http://107.170.230.52/gpforum/adm/index.php?sid=1476e31432194ad847c60b5e7594e3c8&i=logs&mode=critical" "Mozilla/5.0 (X11; Ubuntu; Linux x86_64; rv:35.0) Gecko/20100101 Firefox/35.0"
125.141.73.54 - - [20/Jan/2015:08:21:01 -0500] "GET /gpforum/adm/index.php?sid=1476e31432194ad847c60b5e7594e3c8&i=board&mode=server HTTP/1.1" 200 4098 "http://107.170.230.52/gpforum/adm/index.php?sid=1476e31432194ad847c60b5e7594e3c8&i=1" "Mozilla/5.0 (X11; Ubuntu; Linux x86_64; rv:35.0) Gecko/20100101 Firefox/35.0"
125.141.73.54 - - [20/Jan/2015:08:21:26 -0500] "GET /gpforum/adm/index.php?sid=1476e31432194ad847c60b5e7594e3c8&i=board&mode=email HTTP/1.1" 200 4748 "http://107.170.230.52/gpforum/adm/index.php?sid=1476e31432194ad847c60b5e7594e3c8&i=board&mode=server" "Mozilla/5.0 (X11; Ubuntu; Linux x86_64; rv:35.0) Gecko/20100101 Firefox/35.0"
125.141.73.54 - - [20/Jan/2015:08:23:02 -0500] "POST /gpforum/adm/index.php?i=board&sid=1476e31432194ad847c60b5e7594e3c8&mode=email HTTP/1.1" 200 2819 "http://107.170.230.52/gpforum/adm/index.php?sid=1476e31432194ad847c60b5e7594e3c8&i=board&mode=email" "Mozilla/5.0 (X11; Ubuntu; Linux x86_64; rv:35.0) Gecko/20100101 Firefox/35.0"
125.141.73.54 - - [20/Jan/2015:08:23:07 -0500] "GET /gpforum/adm/index.php?i=board&sid=1476e31432194ad847c60b5e7594e3c8&mode=email HTTP/1.1" 200 4739 "http://107.170.230.52/gpforum/adm/index.php?i=board&sid=1476e31432194ad847c60b5e7594e3c8&mode=email" "Mozilla/5.0 (X11; Ubuntu; Linux x86_64; rv:35.0) Gecko/20100101 Firefox/35.0"
125.141.73.54 - - [20/Jan/2015:08:23:19 -0500] "POST /gpforum/adm/index.php?i=board&sid=1476e31432194ad847c60b5e7594e3c8&mode=email HTTP/1.1" 200 2819 "http://107.170.230.52/gpforum/adm/index.php?i=board&sid=1476e31432194ad847c60b5e7594e3c8&mode=email" "Mozilla/5.0 (X11; Ubuntu; Linux x86_64; rv:35.0) Gecko/20100101 Firefox/35.0"
223.62.203.68 - - [20/Jan/2015:08:23:32 -0500] "POST /gpforum/ucp.php?mode=login HTTP/1.1" 200 3066 "http://107.170.230.52/gpforum/index.php" "Mozilla/5.0 (Linux; Android 4.4.2; SHV-E330S Build/KOT49H) AppleWebKit/537.36 (KHTML, like Gecko) Chrome/39.0.2171.93 Mobile Safari/537.36"
223.62.203.68 - - [20/Jan/2015:08:23:32 -0500] "GET /gpforum/cron.php?cron_type=tidy_sessions HTTP/1.1" 200 293 "http://107.170.230.52/gpforum/ucp.php?mode=login" "Mozilla/5.0 (Linux; Android 4.4.2; SHV-E330S Build/KOT49H) AppleWebKit/537.36 (KHTML, like Gecko) Chrome/39.0.2171.93 Mobile Safari/537.36"
223.62.203.68 - - [20/Jan/2015:08:23:35 -0500] "GET /gpforum/ucp.php?mode=resend_act HTTP/1.1" 200 2653 "http://107.170.230.52/gpforum/ucp.php?mode=login" "Mozilla/5.0 (Linux; Android 4.4.2; SHV-E330S Build/KOT49H) AppleWebKit/537.36 (KHTML, like Gecko) Chrome/39.0.2171.93 Mobile Safari/537.36"
223.62.203.68 - - [20/Jan/2015:08:23:44 -0500] "POST /gpforum/ucp.php?mode=resend_act HTTP/1.1" 200 2380 "http://107.170.230.52/gpforum/ucp.php?mode=resend_act" "Mozilla/5.0 (Linux; Android 4.4.2; SHV-E330S Build/KOT49H) AppleWebKit/537.36 (KHTML, like Gecko) Chrome/39.0.2171.93 Mobile Safari/537.36"
223.62.203.68 - - [20/Jan/2015:08:23:59 -0500] "GET /gpforum/index.php HTTP/1.1" 200 3107 "http://107.170.230.52/gpforum/ucp.php?mode=resend_act" "Mozilla/5.0 (Linux; Android 4.4.2; SHV-E330S Build/KOT49H) AppleWebKit/537.36 (KHTML, like Gecko) Chrome/39.0.2171.93 Mobile Safari/537.36"
125.141.73.54 - - [20/Jan/2015:08:24:17 -0500] "GET /gpforum/adm/index.php?i=board&sid=1476e31432194ad847c60b5e7594e3c8&mode=email HTTP/1.1" 200 4740 "http://107.170.230.52/gpforum/adm/index.php?i=board&sid=1476e31432194ad847c60b5e7594e3c8&mode=email" "Mozilla/5.0 (X11; Ubuntu; Linux x86_64; rv:35.0) Gecko/20100101 Firefox/35.0"
125.141.73.54 - - [20/Jan/2015:08:24:18 -0500] "GET /gpforum/adm/index.php?sid=1476e31432194ad847c60b5e7594e3c8&i=24 HTTP/1.1" 200 3934 "http://107.170.230.52/gpforum/adm/index.php?i=board&sid=1476e31432194ad847c60b5e7594e3c8&mode=email" "Mozilla/5.0 (X11; Ubuntu; Linux x86_64; rv:35.0) Gecko/20100101 Firefox/35.0"
125.141.73.54 - - [20/Jan/2015:08:24:21 -0500] "GET /gpforum/adm/index.php?sid=1476e31432194ad847c60b5e7594e3c8&i=logs&mode=critical HTTP/1.1" 200 8023 "http://107.170.230.52/gpforum/adm/index.php?sid=1476e31432194ad847c60b5e7594e3c8&i=24" "Mozilla/5.0 (X11; Ubuntu; Linux x86_64; rv:35.0) Gecko/20100101 Firefox/35.0"
125.141.73.54 - - [20/Jan/2015:08:24:59 -0500] "GET /gpforum/adm/index.php?sid=1476e31432194ad847c60b5e7594e3c8&i=1 HTTP/1.1" 200 4729 "http://107.170.230.52/gpforum/adm/index.php?sid=1476e31432194ad847c60b5e7594e3c8&i=logs&mode=critical" "Mozilla/5.0 (X11; Ubuntu; Linux x86_64; rv:35.0) Gecko/20100101 Firefox/35.0"
125.141.73.54 - - [20/Jan/2015:08:25:01 -0500] "GET /gpforum/adm/index.php?sid=1476e31432194ad847c60b5e7594e3c8&i=board&mode=features HTTP/1.1" 200 4265 "http://107.170.230.52/gpforum/adm/index.php?sid=1476e31432194ad847c60b5e7594e3c8&i=1" "Mozilla/5.0 (X11; Ubuntu; Linux x86_64; rv:35.0) Gecko/20100101 Firefox/35.0"
125.141.73.54 - - [20/Jan/2015:08:25:04 -0500] "GET /gpforum/adm/index.php?sid=1476e31432194ad847c60b5e7594e3c8&i=board&mode=email HTTP/1.1" 200 4741 "http://107.170.230.52/gpforum/adm/index.php?sid=1476e31432194ad847c60b5e7594e3c8&i=board&mode=features" "Mozilla/5.0 (X11; Ubuntu; Linux x86_64; rv:35.0) Gecko/20100101 Firefox/35.0"
125.141.73.54 - - [20/Jan/2015:08:25:14 -0500] "POST /gpforum/adm/index.php?i=board&sid=1476e31432194ad847c60b5e7594e3c8&mode=email HTTP/1.1" 200 4778 "http://107.170.230.52/gpforum/adm/index.php?sid=1476e31432194ad847c60b5e7594e3c8&i=board&mode=email" "Mozilla/5.0 (X11; Ubuntu; Linux x86_64; rv:35.0) Gecko/20100101 Firefox/35.0"
125.141.73.54 - - [20/Jan/2015:08:25:33 -0500] "GET /gpforum/adm/index.php?sid=1476e31432194ad847c60b5e7594e3c8&i=24 HTTP/1.1" 200 3935 "http://107.170.230.52/gpforum/adm/index.php?i=board&sid=1476e31432194ad847c60b5e7594e3c8&mode=email" "Mozilla/5.0 (X11; Ubuntu; Linux x86_64; rv:35.0) Gecko/20100101 Firefox/35.0"
125.141.73.54 - - [20/Jan/2015:08:25:35 -0500] "GET /gpforum/adm/index.php?sid=1476e31432194ad847c60b5e7594e3c8&i=logs&mode=critical HTTP/1.1" 200 8023 "http://107.170.230.52/gpforum/adm/index.php?sid=1476e31432194ad847c60b5e7594e3c8&i=24" "Mozilla/5.0 (X11; Ubuntu; Linux x86_64; rv:35.0) Gecko/20100101 Firefox/35.0"
223.62.203.68 - - [20/Jan/2015:08:25:43 -0500] "POST /gpforum/ucp.php?mode=login HTTP/1.1" 200 3034 "http://107.170.230.52/gpforum/index.php" "Mozilla/5.0 (Linux; Android 4.4.2; SHV-E330S Build/KOT49H) AppleWebKit/537.36 (KHTML, like Gecko) Chrome/39.0.2171.93 Mobile Safari/537.36"
223.62.203.68 - - [20/Jan/2015:08:25:46 -0500] "GET /gpforum/ucp.php?mode=resend_act HTTP/1.1" 200 2651 "http://107.170.230.52/gpforum/ucp.php?mode=login" "Mozilla/5.0 (Linux; Android 4.4.2; SHV-E330S Build/KOT49H) AppleWebKit/537.36 (KHTML, like Gecko) Chrome/39.0.2171.93 Mobile Safari/537.36"
223.62.203.68 - - [20/Jan/2015:08:25:55 -0500] "POST /gpforum/ucp.php?mode=resend_act HTTP/1.1" 200 2380 "http://107.170.230.52/gpforum/ucp.php?mode=resend_act" "Mozilla/5.0 (Linux; Android 4.4.2; SHV-E330S Build/KOT49H) AppleWebKit/537.36 (KHTML, like Gecko) Chrome/39.0.2171.93 Mobile Safari/537.36"
223.62.203.68 - - [20/Jan/2015:08:26:08 -0500] "GET /gpforum/index.php HTTP/1.1" 200 3108 "http://107.170.230.52/gpforum/ucp.php?mode=resend_act" "Mozilla/5.0 (Linux; Android 4.4.2; SHV-E330S Build/KOT49H) AppleWebKit/537.36 (KHTML, like Gecko) Chrome/39.0.2171.93 Mobile Safari/537.36"
125.141.73.54 - - [20/Jan/2015:08:26:13 -0500] "GET /gpforum/adm/index.php?sid=1476e31432194ad847c60b5e7594e3c8&i=logs&mode=critical HTTP/1.1" 200 8086 "http://107.170.230.52/gpforum/adm/index.php?sid=1476e31432194ad847c60b5e7594e3c8&i=24" "Mozilla/5.0 (X11; Ubuntu; Linux x86_64; rv:35.0) Gecko/20100101 Firefox/35.0"
125.141.73.54 - - [20/Jan/2015:08:26:13 -0500] "GET /gpforum/adm/style/admin.css HTTP/1.1" 200 6507 "http://107.170.230.52/gpforum/adm/index.php?sid=1476e31432194ad847c60b5e7594e3c8&i=logs&mode=critical" "Mozilla/5.0 (X11; Ubuntu; Linux x86_64; rv:35.0) Gecko/20100101 Firefox/35.0"
125.141.73.54 - - [20/Jan/2015:08:26:13 -0500] "GET /gpforum/adm/images/phpbb_logo.png HTTP/1.1" 304 181 "http://107.170.230.52/gpforum/adm/style/admin.css" "Mozilla/5.0 (X11; Ubuntu; Linux x86_64; rv:35.0) Gecko/20100101 Firefox/35.0"
125.141.73.54 - - [20/Jan/2015:08:26:14 -0500] "GET /gpforum/adm/images/bg_tabs1.gif HTTP/1.1" 304 180 "http://107.170.230.52/gpforum/adm/style/admin.css" "Mozilla/5.0 (X11; Ubuntu; Linux x86_64; rv:35.0) Gecko/20100101 Firefox/35.0"
125.141.73.54 - - [20/Jan/2015:08:26:14 -0500] "GET /gpforum/adm/images/bg_tabs2.gif HTTP/1.1" 304 181 "http://107.170.230.52/gpforum/adm/style/admin.css" "Mozilla/5.0 (X11; Ubuntu; Linux x86_64; rv:35.0) Gecko/20100101 Firefox/35.0"
125.141.73.54 - - [20/Jan/2015:08:26:14 -0500] "GET /gpforum/adm/images/innerbox_bg.gif HTTP/1.1" 304 181 "http://107.170.230.52/gpforum/adm/style/admin.css" "Mozilla/5.0 (X11; Ubuntu; Linux x86_64; rv:35.0) Gecko/20100101 Firefox/35.0"
125.141.73.54 - - [20/Jan/2015:08:26:14 -0500] "GET /gpforum/adm/images/corners_left.gif HTTP/1.1" 304 181 "http://107.170.230.52/gpforum/adm/style/admin.css" "Mozilla/5.0 (X11; Ubuntu; Linux x86_64; rv:35.0) Gecko/20100101 Firefox/35.0"
125.141.73.54 - - [20/Jan/2015:08:26:14 -0500] "GET /gpforum/adm/images/corners_right.gif HTTP/1.1" 304 180 "http://107.170.230.52/gpforum/adm/style/admin.css" "Mozilla/5.0 (X11; Ubuntu; Linux x86_64; rv:35.0) Gecko/20100101 Firefox/35.0"
125.141.73.54 - - [20/Jan/2015:08:26:14 -0500] "GET /gpforum/adm/images/toggle.gif HTTP/1.1" 304 181 "http://107.170.230.52/gpforum/adm/style/admin.css" "Mozilla/5.0 (X11; Ubuntu; Linux x86_64; rv:35.0) Gecko/20100101 Firefox/35.0"
125.141.73.54 - - [20/Jan/2015:08:26:14 -0500] "GET /gpforum/adm/images/arrow_right.gif HTTP/1.1" 304 179 "http://107.170.230.52/gpforum/adm/style/admin.css" "Mozilla/5.0 (X11; Ubuntu; Linux x86_64; rv:35.0) Gecko/20100101 Firefox/35.0"
125.141.73.54 - - [20/Jan/2015:08:26:14 -0500] "GET /gpforum/adm/images/bg_button.gif HTTP/1.1" 304 179 "http://107.170.230.52/gpforum/adm/style/admin.css" "Mozilla/5.0 (X11; Ubuntu; Linux x86_64; rv:35.0) Gecko/20100101 Firefox/35.0"
125.141.73.54 - - [20/Jan/2015:08:26:14 -0500] "GET /gpforum/adm/images/gradient2b.gif HTTP/1.1" 304 179 "http://107.170.230.52/gpforum/adm/style/admin.css" "Mozilla/5.0 (X11; Ubuntu; Linux x86_64; rv:35.0) Gecko/20100101 Firefox/35.0"
::1 - - [20/Jan/2015:08:26:19 -0500] "OPTIONS * HTTP/1.0" 200 126 "-" "Apache/2.4.10 (Ubuntu) PHP/5.5.12-2ubuntu4.1 mod_wsgi/3.5 Python/2.7.8 (internal dummy connection)"
::1 - - [20/Jan/2015:08:26:20 -0500] "OPTIONS * HTTP/1.0" 200 126 "-" "Apache/2.4.10 (Ubuntu) PHP/5.5.12-2ubuntu4.1 mod_wsgi/3.5 Python/2.7.8 (internal dummy connection)"
::1 - - [20/Jan/2015:08:26:21 -0500] "OPTIONS * HTTP/1.0" 200 126 "-" "Apache/2.4.10 (Ubuntu) PHP/5.5.12-2ubuntu4.1 mod_wsgi/3.5 Python/2.7.8 (internal dummy connection)"
125.141.73.54 - - [20/Jan/2015:08:49:23 -0500] "GET /gpforum/adm/index.php?sid=1476e31432194ad847c60b5e7594e3c8&i=1 HTTP/1.1" 200 4729 "http://107.170.230.52/gpforum/adm/index.php?sid=1476e31432194ad847c60b5e7594e3c8&i=logs&mode=critical" "Mozilla/5.0 (X11; Ubuntu; Linux x86_64; rv:35.0) Gecko/20100101 Firefox/35.0"
125.141.73.54 - - [20/Jan/2015:08:49:28 -0500] "GET /gpforum/adm/index.php?sid=1476e31432194ad847c60b5e7594e3c8&i=board&mode=email HTTP/1.1" 200 4737 "http://107.170.230.52/gpforum/adm/index.php?sid=1476e31432194ad847c60b5e7594e3c8&i=1" "Mozilla/5.0 (X11; Ubuntu; Linux x86_64; rv:35.0) Gecko/20100101 Firefox/35.0"
125.141.73.54 - - [20/Jan/2015:08:49:59 -0500] "POST /gpforum/adm/index.php?i=board&sid=1476e31432194ad847c60b5e7594e3c8&mode=email HTTP/1.1" 200 2819 "http://107.170.230.52/gpforum/adm/index.php?sid=1476e31432194ad847c60b5e7594e3c8&i=board&mode=email" "Mozilla/5.0 (X11; Ubuntu; Linux x86_64; rv:35.0) Gecko/20100101 Firefox/35.0"
125.141.73.54 - - [20/Jan/2015:08:50:06 -0500] "GET /gpforum/adm/index.php?i=board&sid=1476e31432194ad847c60b5e7594e3c8&mode=email HTTP/1.1" 200 4741 "http://107.170.230.52/gpforum/adm/index.php?i=board&sid=1476e31432194ad847c60b5e7594e3c8&mode=email" "Mozilla/5.0 (X11; Ubuntu; Linux x86_64; rv:35.0) Gecko/20100101 Firefox/35.0"
125.141.73.54 - - [20/Jan/2015:08:50:43 -0500] "POST /gpforum/adm/index.php?i=board&sid=1476e31432194ad847c60b5e7594e3c8&mode=email HTTP/1.1" 200 2819 "http://107.170.230.52/gpforum/adm/index.php?i=board&sid=1476e31432194ad847c60b5e7594e3c8&mode=email" "Mozilla/5.0 (X11; Ubuntu; Linux x86_64; rv:35.0) Gecko/20100101 Firefox/35.0"
125.141.73.54 - - [20/Jan/2015:08:50:49 -0500] "GET /gpforum/adm/index.php?sid=1476e31432194ad847c60b5e7594e3c8&i=24 HTTP/1.1" 200 3938 "http://107.170.230.52/gpforum/adm/index.php?i=board&sid=1476e31432194ad847c60b5e7594e3c8&mode=email" "Mozilla/5.0 (X11; Ubuntu; Linux x86_64; rv:35.0) Gecko/20100101 Firefox/35.0"
223.62.203.68 - - [20/Jan/2015:08:51:04 -0500] "POST /gpforum/ucp.php?mode=login HTTP/1.1" 200 3034 "http://107.170.230.52/gpforum/index.php" "Mozilla/5.0 (Linux; Android 4.4.2; SHV-E330S Build/KOT49H) AppleWebKit/537.36 (KHTML, like Gecko) Chrome/39.0.2171.93 Mobile Safari/537.36"
223.62.203.68 - - [20/Jan/2015:08:51:15 -0500] "GET /gpforum/ucp.php?mode=resend_act HTTP/1.1" 200 2653 "http://107.170.230.52/gpforum/ucp.php?mode=login" "Mozilla/5.0 (Linux; Android 4.4.2; SHV-E330S Build/KOT49H) AppleWebKit/537.36 (KHTML, like Gecko) Chrome/39.0.2171.93 Mobile Safari/537.36"
223.62.203.68 - - [20/Jan/2015:08:51:23 -0500] "POST /gpforum/ucp.php?mode=resend_act HTTP/1.1" 200 2380 "http://107.170.230.52/gpforum/ucp.php?mode=resend_act" "Mozilla/5.0 (Linux; Android 4.4.2; SHV-E330S Build/KOT49H) AppleWebKit/537.36 (KHTML, like Gecko) Chrome/39.0.2171.93 Mobile Safari/537.36"
223.62.203.68 - - [20/Jan/2015:08:51:27 -0500] "GET /gpforum/index.php HTTP/1.1" 200 3107 "http://107.170.230.52/gpforum/ucp.php?mode=resend_act" "Mozilla/5.0 (Linux; Android 4.4.2; SHV-E330S Build/KOT49H) AppleWebKit/537.36 (KHTML, like Gecko) Chrome/39.0.2171.93 Mobile Safari/537.36"
125.141.73.54 - - [20/Jan/2015:08:51:35 -0500] "GET /gpforum/adm/index.php?sid=1476e31432194ad847c60b5e7594e3c8&i=logs&mode=critical HTTP/1.1" 200 8346 "http://107.170.230.52/gpforum/adm/index.php?sid=1476e31432194ad847c60b5e7594e3c8&i=24" "Mozilla/5.0 (X11; Ubuntu; Linux x86_64; rv:35.0) Gecko/20100101 Firefox/35.0"
125.141.73.54 - - [20/Jan/2015:08:52:03 -0500] "GET /gpforum/adm/index.php?sid=1476e31432194ad847c60b5e7594e3c8&i=16 HTTP/1.1" 200 3167 "http://107.170.230.52/gpforum/adm/index.php?sid=1476e31432194ad847c60b5e7594e3c8&i=logs&mode=critical" "Mozilla/5.0 (X11; Ubuntu; Linux x86_64; rv:35.0) Gecko/20100101 Firefox/35.0"
125.141.73.54 - - [20/Jan/2015:08:52:04 -0500] "GET /gpforum/adm/index.php?sid=1476e31432194ad847c60b5e7594e3c8&i=12 HTTP/1.1" 200 3019 "http://107.170.230.52/gpforum/adm/index.php?sid=1476e31432194ad847c60b5e7594e3c8&i=16" "Mozilla/5.0 (X11; Ubuntu; Linux x86_64; rv:35.0) Gecko/20100101 Firefox/35.0"
125.141.73.54 - - [20/Jan/2015:08:52:05 -0500] "GET /gpforum/adm/index.php?sid=1476e31432194ad847c60b5e7594e3c8&i=9 HTTP/1.1" 200 2999 "http://107.170.230.52/gpforum/adm/index.php?sid=1476e31432194ad847c60b5e7594e3c8&i=12" "Mozilla/5.0 (X11; Ubuntu; Linux x86_64; rv:35.0) Gecko/20100101 Firefox/35.0"
125.141.73.54 - - [20/Jan/2015:08:52:06 -0500] "GET /gpforum/adm/index.php?sid=1476e31432194ad847c60b5e7594e3c8&i=27 HTTP/1.1" 200 2850 "http://107.170.230.52/gpforum/adm/index.php?sid=1476e31432194ad847c60b5e7594e3c8&i=9" "Mozilla/5.0 (X11; Ubuntu; Linux x86_64; rv:35.0) Gecko/20100101 Firefox/35.0"
125.141.73.54 - - [20/Jan/2015:08:52:07 -0500] "GET /gpforum/adm/index.php?sid=1476e31432194ad847c60b5e7594e3c8&i=24 HTTP/1.1" 200 3937 "http://107.170.230.52/gpforum/adm/index.php?sid=1476e31432194ad847c60b5e7594e3c8&i=27" "Mozilla/5.0 (X11; Ubuntu; Linux x86_64; rv:35.0) Gecko/20100101 Firefox/35.0"
125.141.73.54 - - [20/Jan/2015:08:52:08 -0500] "GET /gpforum/adm/index.php?sid=1476e31432194ad847c60b5e7594e3c8&i=21 HTTP/1.1" 200 3226 "http://107.170.230.52/gpforum/adm/index.php?sid=1476e31432194ad847c60b5e7594e3c8&i=24" "Mozilla/5.0 (X11; Ubuntu; Linux x86_64; rv:35.0) Gecko/20100101 Firefox/35.0"
125.141.73.54 - - [20/Jan/2015:08:52:14 -0500] "GET /gpforum/adm/index.php?i=styles&sid=1476e31432194ad847c60b5e7594e3c8&mode=style&action=install&path=subsilver2 HTTP/1.1" 200 3057 "http://107.170.230.52/gpforum/adm/index.php?sid=1476e31432194ad847c60b5e7594e3c8&i=21" "Mozilla/5.0 (X11; Ubuntu; Linux x86_64; rv:35.0) Gecko/20100101 Firefox/35.0"
125.141.73.54 - - [20/Jan/2015:08:52:18 -0500] "POST /gpforum/adm/index.php?i=styles&sid=1476e31432194ad847c60b5e7594e3c8&mode=style&action=install&path=subsilver2 HTTP/1.1" 200 2447 "http://107.170.230.52/gpforum/adm/index.php?i=styles&sid=1476e31432194ad847c60b5e7594e3c8&mode=style&action=install&path=subsilver2" "Mozilla/5.0 (X11; Ubuntu; Linux x86_64; rv:35.0) Gecko/20100101 Firefox/35.0"
125.141.73.54 - - [20/Jan/2015:08:52:19 -0500] "GET /gpforum/adm/index.php?i=styles&sid=1476e31432194ad847c60b5e7594e3c8&mode=style HTTP/1.1" 200 3231 "http://107.170.230.52/gpforum/adm/index.php?i=styles&sid=1476e31432194ad847c60b5e7594e3c8&mode=style&action=install&path=subsilver2" "Mozilla/5.0 (X11; Ubuntu; Linux x86_64; rv:35.0) Gecko/20100101 Firefox/35.0"
125.141.73.54 - - [20/Jan/2015:08:52:27 -0500] "GET /gpforum/adm/index.php?sid=1476e31432194ad847c60b5e7594e3c8&i=1 HTTP/1.1" 200 4767 "http://107.170.230.52/gpforum/adm/index.php?i=styles&sid=1476e31432194ad847c60b5e7594e3c8&mode=style" "Mozilla/5.0 (X11; Ubuntu; Linux x86_64; rv:35.0) Gecko/20100101 Firefox/35.0"
125.141.73.54 - - [20/Jan/2015:08:52:30 -0500] "GET /gpforum/adm/index.php?sid=1476e31432194ad847c60b5e7594e3c8&i=6 HTTP/1.1" 200 3686 "http://107.170.230.52/gpforum/adm/index.php?sid=1476e31432194ad847c60b5e7594e3c8&i=1" "Mozilla/5.0 (X11; Ubuntu; Linux x86_64; rv:35.0) Gecko/20100101 Firefox/35.0"
125.141.73.54 - - [20/Jan/2015:08:52:32 -0500] "GET /gpforum/adm/index.php?sid=1476e31432194ad847c60b5e7594e3c8&i=1 HTTP/1.1" 200 4766 "http://107.170.230.52/gpforum/adm/index.php?sid=1476e31432194ad847c60b5e7594e3c8&i=6" "Mozilla/5.0 (X11; Ubuntu; Linux x86_64; rv:35.0) Gecko/20100101 Firefox/35.0"
125.141.73.54 - - [20/Jan/2015:08:52:36 -0500] "GET /gpforum/adm/index.php?sid=1476e31432194ad847c60b5e7594e3c8&i=board&mode=settings HTTP/1.1" 200 5243 "http://107.170.230.52/gpforum/adm/index.php?sid=1476e31432194ad847c60b5e7594e3c8&i=1" "Mozilla/5.0 (X11; Ubuntu; Linux x86_64; rv:35.0) Gecko/20100101 Firefox/35.0"
125.141.73.54 - - [20/Jan/2015:08:52:40 -0500] "POST /gpforum/adm/index.php?i=board&sid=1476e31432194ad847c60b5e7594e3c8&mode=settings HTTP/1.1" 200 2819 "http://107.170.230.52/gpforum/adm/index.php?sid=1476e31432194ad847c60b5e7594e3c8&i=board&mode=settings" "Mozilla/5.0 (X11; Ubuntu; Linux x86_64; rv:35.0) Gecko/20100101 Firefox/35.0"
125.141.73.54 - - [20/Jan/2015:08:52:42 -0500] "GET /gpforum/adm/index.php?i=board&sid=1476e31432194ad847c60b5e7594e3c8&mode=settings HTTP/1.1" 200 5244 "http://107.170.230.52/gpforum/adm/index.php?i=board&sid=1476e31432194ad847c60b5e7594e3c8&mode=settings" "Mozilla/5.0 (X11; Ubuntu; Linux x86_64; rv:35.0) Gecko/20100101 Firefox/35.0"
125.141.73.54 - - [20/Jan/2015:08:52:45 -0500] "GET /gpforum/adm/index.php?i=board&sid=1476e31432194ad847c60b5e7594e3c8&mode=settings HTTP/1.1" 200 5242 "http://107.170.230.52/gpforum/adm/index.php?i=board&sid=1476e31432194ad847c60b5e7594e3c8&mode=settings" "Mozilla/5.0 (X11; Ubuntu; Linux x86_64; rv:35.0) Gecko/20100101 Firefox/35.0"
125.141.73.54 - - [20/Jan/2015:08:52:45 -0500] "GET /gpforum/adm/style/admin.css HTTP/1.1" 200 6507 "http://107.170.230.52/gpforum/adm/index.php?i=board&sid=1476e31432194ad847c60b5e7594e3c8&mode=settings" "Mozilla/5.0 (X11; Ubuntu; Linux x86_64; rv:35.0) Gecko/20100101 Firefox/35.0"
125.141.73.54 - - [20/Jan/2015:08:52:46 -0500] "GET /gpforum/adm/images/phpbb_logo.png HTTP/1.1" 304 181 "http://107.170.230.52/gpforum/adm/style/admin.css" "Mozilla/5.0 (X11; Ubuntu; Linux x86_64; rv:35.0) Gecko/20100101 Firefox/35.0"
125.141.73.54 - - [20/Jan/2015:08:52:46 -0500] "GET /gpforum/adm/images/bg_tabs1.gif HTTP/1.1" 304 181 "http://107.170.230.52/gpforum/adm/style/admin.css" "Mozilla/5.0 (X11; Ubuntu; Linux x86_64; rv:35.0) Gecko/20100101 Firefox/35.0"
125.141.73.54 - - [20/Jan/2015:08:52:46 -0500] "GET /gpforum/adm/images/bg_tabs2.gif HTTP/1.1" 304 181 "http://107.170.230.52/gpforum/adm/style/admin.css" "Mozilla/5.0 (X11; Ubuntu; Linux x86_64; rv:35.0) Gecko/20100101 Firefox/35.0"
125.141.73.54 - - [20/Jan/2015:08:52:46 -0500] "GET /gpforum/adm/images/corners_left.gif HTTP/1.1" 304 181 "http://107.170.230.52/gpforum/adm/style/admin.css" "Mozilla/5.0 (X11; Ubuntu; Linux x86_64; rv:35.0) Gecko/20100101 Firefox/35.0"
125.141.73.54 - - [20/Jan/2015:08:52:46 -0500] "GET /gpforum/adm/images/corners_right.gif HTTP/1.1" 304 180 "http://107.170.230.52/gpforum/adm/style/admin.css" "Mozilla/5.0 (X11; Ubuntu; Linux x86_64; rv:35.0) Gecko/20100101 Firefox/35.0"
125.141.73.54 - - [20/Jan/2015:08:52:46 -0500] "GET /gpforum/adm/images/innerbox_bg.gif HTTP/1.1" 304 180 "http://107.170.230.52/gpforum/adm/style/admin.css" "Mozilla/5.0 (X11; Ubuntu; Linux x86_64; rv:35.0) Gecko/20100101 Firefox/35.0"
125.141.73.54 - - [20/Jan/2015:08:52:46 -0500] "GET /gpforum/adm/images/toggle.gif HTTP/1.1" 304 181 "http://107.170.230.52/gpforum/adm/style/admin.css" "Mozilla/5.0 (X11; Ubuntu; Linux x86_64; rv:35.0) Gecko/20100101 Firefox/35.0"
125.141.73.54 - - [20/Jan/2015:08:52:46 -0500] "GET /gpforum/adm/images/arrow_right.gif HTTP/1.1" 304 179 "http://107.170.230.52/gpforum/adm/style/admin.css" "Mozilla/5.0 (X11; Ubuntu; Linux x86_64; rv:35.0) Gecko/20100101 Firefox/35.0"
125.141.73.54 - - [20/Jan/2015:08:52:46 -0500] "GET /gpforum/adm/images/bg_button.gif HTTP/1.1" 304 179 "http://107.170.230.52/gpforum/adm/style/admin.css" "Mozilla/5.0 (X11; Ubuntu; Linux x86_64; rv:35.0) Gecko/20100101 Firefox/35.0"
125.141.73.54 - - [20/Jan/2015:08:52:47 -0500] "GET /gpforum/index.php?sid=1476e31432194ad847c60b5e7594e3c8 HTTP/1.1" 200 3164 "http://107.170.230.52/gpforum/adm/index.php?i=board&sid=1476e31432194ad847c60b5e7594e3c8&mode=settings" "Mozilla/5.0 (X11; Ubuntu; Linux x86_64; rv:35.0) Gecko/20100101 Firefox/35.0"
125.141.73.54 - - [20/Jan/2015:08:52:52 -0500] "GET /gpforum/search.php?search_id=active_topics HTTP/1.1" 200 3063 "http://107.170.230.52/gpforum/index.php?sid=1476e31432194ad847c60b5e7594e3c8" "Mozilla/5.0 (X11; Ubuntu; Linux x86_64; rv:35.0) Gecko/20100101 Firefox/35.0"
::1 - - [20/Jan/2015:08:52:58 -0500] "OPTIONS * HTTP/1.0" 200 126 "-" "Apache/2.4.10 (Ubuntu) PHP/5.5.12-2ubuntu4.1 mod_wsgi/3.5 Python/2.7.8 (internal dummy connection)"
125.141.73.54 - - [20/Jan/2015:08:53:00 -0500] "GET /gpforum/index.php HTTP/1.1" 200 3165 "http://107.170.230.52/gpforum/index.php?sid=1476e31432194ad847c60b5e7594e3c8" "Mozilla/5.0 (X11; Ubuntu; Linux x86_64; rv:35.0) Gecko/20100101 Firefox/35.0"
125.141.73.54 - - [20/Jan/2015:08:53:03 -0500] "GET /gpforum/adm/index.php?sid=1476e31432194ad847c60b5e7594e3c8 HTTP/1.1" 200 4766 "http://107.170.230.52/gpforum/index.php" "Mozilla/5.0 (X11; Ubuntu; Linux x86_64; rv:35.0) Gecko/20100101 Firefox/35.0"
125.141.73.54 - - [20/Jan/2015:08:53:10 -0500] "GET /gpforum/adm/index.php?sid=1476e31432194ad847c60b5e7594e3c8&i=board&mode=email HTTP/1.1" 200 4741 "http://107.170.230.52/gpforum/adm/index.php?sid=1476e31432194ad847c60b5e7594e3c8" "Mozilla/5.0 (X11; Ubuntu; Linux x86_64; rv:35.0) Gecko/20100101 Firefox/35.0"
125.141.73.54 - - [20/Jan/2015:08:54:01 -0500] "POST /gpforum/adm/index.php?i=board&sid=1476e31432194ad847c60b5e7594e3c8&mode=email HTTP/1.1" 200 2819 "http://107.170.230.52/gpforum/adm/index.php?sid=1476e31432194ad847c60b5e7594e3c8&i=board&mode=email" "Mozilla/5.0 (X11; Ubuntu; Linux x86_64; rv:35.0) Gecko/20100101 Firefox/35.0"
223.62.203.68 - - [20/Jan/2015:08:54:18 -0500] "POST /gpforum/ucp.php?mode=login HTTP/1.1" 200 3034 "http://107.170.230.52/gpforum/index.php" "Mozilla/5.0 (Linux; Android 4.4.2; SHV-E330S Build/KOT49H) AppleWebKit/537.36 (KHTML, like Gecko) Chrome/39.0.2171.93 Mobile Safari/537.36"
125.141.73.54 - - [20/Jan/2015:08:54:20 -0500] "GET /gpforum/adm/index.php?i=board&sid=1476e31432194ad847c60b5e7594e3c8&mode=email HTTP/1.1" 200 4743 "http://107.170.230.52/gpforum/adm/index.php?i=board&sid=1476e31432194ad847c60b5e7594e3c8&mode=email" "Mozilla/5.0 (X11; Ubuntu; Linux x86_64; rv:35.0) Gecko/20100101 Firefox/35.0"
223.62.203.68 - - [20/Jan/2015:08:54:26 -0500] "GET /gpforum/ucp.php?mode=resend_act HTTP/1.1" 200 2655 "http://107.170.230.52/gpforum/ucp.php?mode=login" "Mozilla/5.0 (Linux; Android 4.4.2; SHV-E330S Build/KOT49H) AppleWebKit/537.36 (KHTML, like Gecko) Chrome/39.0.2171.93 Mobile Safari/537.36"
223.62.203.68 - - [20/Jan/2015:08:54:35 -0500] "POST /gpforum/ucp.php?mode=resend_act HTTP/1.1" 200 2380 "http://107.170.230.52/gpforum/ucp.php?mode=resend_act" "Mozilla/5.0 (Linux; Android 4.4.2; SHV-E330S Build/KOT49H) AppleWebKit/537.36 (KHTML, like Gecko) Chrome/39.0.2171.93 Mobile Safari/537.36"
223.62.203.68 - - [20/Jan/2015:08:54:39 -0500] "GET /gpforum/index.php HTTP/1.1" 200 3107 "http://107.170.230.52/gpforum/ucp.php?mode=resend_act" "Mozilla/5.0 (Linux; Android 4.4.2; SHV-E330S Build/KOT49H) AppleWebKit/537.36 (KHTML, like Gecko) Chrome/39.0.2171.93 Mobile Safari/537.36"
125.141.73.54 - - [20/Jan/2015:08:54:46 -0500] "GET /gpforum/adm/index.php?sid=1476e31432194ad847c60b5e7594e3c8&i=24 HTTP/1.1" 200 3984 "http://107.170.230.52/gpforum/adm/index.php?i=board&sid=1476e31432194ad847c60b5e7594e3c8&mode=email" "Mozilla/5.0 (X11; Ubuntu; Linux x86_64; rv:35.0) Gecko/20100101 Firefox/35.0"
125.141.73.54 - - [20/Jan/2015:08:54:49 -0500] "GET /gpforum/adm/index.php?sid=1476e31432194ad847c60b5e7594e3c8&i=logs&mode=critical HTTP/1.1" 200 8560 "http://107.170.230.52/gpforum/adm/index.php?sid=1476e31432194ad847c60b5e7594e3c8&i=24" "Mozilla/5.0 (X11; Ubuntu; Linux x86_64; rv:35.0) Gecko/20100101 Firefox/35.0"
125.141.73.54 - - [20/Jan/2015:08:55:18 -0500] "GET /gpforum/adm/index.php?sid=1476e31432194ad847c60b5e7594e3c8&i=1 HTTP/1.1" 200 4767 "http://107.170.230.52/gpforum/adm/index.php?sid=1476e31432194ad847c60b5e7594e3c8&i=logs&mode=critical" "Mozilla/5.0 (X11; Ubuntu; Linux x86_64; rv:35.0) Gecko/20100101 Firefox/35.0"
125.141.73.54 - - [20/Jan/2015:08:55:22 -0500] "GET /gpforum/adm/index.php?sid=1476e31432194ad847c60b5e7594e3c8&i=board&mode=email HTTP/1.1" 200 4739 "http://107.170.230.52/gpforum/adm/index.php?sid=1476e31432194ad847c60b5e7594e3c8&i=1" "Mozilla/5.0 (X11; Ubuntu; Linux x86_64; rv:35.0) Gecko/20100101 Firefox/35.0"
125.141.73.54 - - [20/Jan/2015:08:55:42 -0500] "POST /gpforum/adm/index.php?i=board&sid=1476e31432194ad847c60b5e7594e3c8&mode=email HTTP/1.1" 200 2819 "http://107.170.230.52/gpforum/adm/index.php?sid=1476e31432194ad847c60b5e7594e3c8&i=board&mode=email" "Mozilla/5.0 (X11; Ubuntu; Linux x86_64; rv:35.0) Gecko/20100101 Firefox/35.0"
125.141.73.54 - - [20/Jan/2015:08:55:46 -0500] "GET /gpforum/adm/index.php?i=board&sid=1476e31432194ad847c60b5e7594e3c8&mode=email HTTP/1.1" 200 4741 "http://107.170.230.52/gpforum/adm/index.php?i=board&sid=1476e31432194ad847c60b5e7594e3c8&mode=email" "Mozilla/5.0 (X11; Ubuntu; Linux x86_64; rv:35.0) Gecko/20100101 Firefox/35.0"
223.62.203.68 - - [20/Jan/2015:08:55:58 -0500] "POST /gpforum/ucp.php?mode=login HTTP/1.1" 200 3034 "http://107.170.230.52/gpforum/index.php" "Mozilla/5.0 (Linux; Android 4.4.2; SHV-E330S Build/KOT49H) AppleWebKit/537.36 (KHTML, like Gecko) Chrome/39.0.2171.93 Mobile Safari/537.36"
223.62.203.68 - - [20/Jan/2015:08:56:02 -0500] "GET /gpforum/ucp.php?mode=resend_act HTTP/1.1" 200 2654 "http://107.170.230.52/gpforum/ucp.php?mode=login" "Mozilla/5.0 (Linux; Android 4.4.2; SHV-E330S Build/KOT49H) AppleWebKit/537.36 (KHTML, like Gecko) Chrome/39.0.2171.93 Mobile Safari/537.36"
223.62.203.68 - - [20/Jan/2015:08:56:11 -0500] "POST /gpforum/ucp.php?mode=resend_act HTTP/1.1" 200 2380 "http://107.170.230.52/gpforum/ucp.php?mode=resend_act" "Mozilla/5.0 (Linux; Android 4.4.2; SHV-E330S Build/KOT49H) AppleWebKit/537.36 (KHTML, like Gecko) Chrome/39.0.2171.93 Mobile Safari/537.36"
223.62.203.68 - - [20/Jan/2015:08:56:14 -0500] "GET /gpforum/index.php HTTP/1.1" 200 3107 "http://107.170.230.52/gpforum/ucp.php?mode=resend_act" "Mozilla/5.0 (Linux; Android 4.4.2; SHV-E330S Build/KOT49H) AppleWebKit/537.36 (KHTML, like Gecko) Chrome/39.0.2171.93 Mobile Safari/537.36"
125.141.73.54 - - [20/Jan/2015:08:56:25 -0500] "POST /gpforum/adm/index.php?i=board&sid=1476e31432194ad847c60b5e7594e3c8&mode=email HTTP/1.1" 200 2819 "http://107.170.230.52/gpforum/adm/index.php?i=board&sid=1476e31432194ad847c60b5e7594e3c8&mode=email" "Mozilla/5.0 (X11; Ubuntu; Linux x86_64; rv:35.0) Gecko/20100101 Firefox/35.0"
125.141.73.54 - - [20/Jan/2015:08:56:27 -0500] "GET /gpforum/adm/index.php?sid=1476e31432194ad847c60b5e7594e3c8&i=24 HTTP/1.1" 200 3980 "http://107.170.230.52/gpforum/adm/index.php?i=board&sid=1476e31432194ad847c60b5e7594e3c8&mode=email" "Mozilla/5.0 (X11; Ubuntu; Linux x86_64; rv:35.0) Gecko/20100101 Firefox/35.0"
125.141.73.54 - - [20/Jan/2015:08:56:30 -0500] "GET /gpforum/adm/index.php?sid=1476e31432194ad847c60b5e7594e3c8&i=logs&mode=critical HTTP/1.1" 200 8662 "http://107.170.230.52/gpforum/adm/index.php?sid=1476e31432194ad847c60b5e7594e3c8&i=24" "Mozilla/5.0 (X11; Ubuntu; Linux x86_64; rv:35.0) Gecko/20100101 Firefox/35.0"
125.141.73.54 - - [20/Jan/2015:08:57:08 -0500] "GET /gpforum/adm/index.php?sid=1476e31432194ad847c60b5e7594e3c8&i=1 HTTP/1.1" 200 4762 "http://107.170.230.52/gpforum/adm/index.php?sid=1476e31432194ad847c60b5e7594e3c8&i=logs&mode=critical" "Mozilla/5.0 (X11; Ubuntu; Linux x86_64; rv:35.0) Gecko/20100101 Firefox/35.0"
125.141.73.54 - - [20/Jan/2015:08:57:10 -0500] "GET /gpforum/adm/index.php?sid=1476e31432194ad847c60b5e7594e3c8&i=board&mode=email HTTP/1.1" 200 4740 "http://107.170.230.52/gpforum/adm/index.php?sid=1476e31432194ad847c60b5e7594e3c8&i=1" "Mozilla/5.0 (X11; Ubuntu; Linux x86_64; rv:35.0) Gecko/20100101 Firefox/35.0"
125.141.73.54 - - [20/Jan/2015:08:57:28 -0500] "POST /gpforum/adm/index.php?i=board&sid=1476e31432194ad847c60b5e7594e3c8&mode=email HTTP/1.1" 200 2819 "http://107.170.230.52/gpforum/adm/index.php?sid=1476e31432194ad847c60b5e7594e3c8&i=board&mode=email" "Mozilla/5.0 (X11; Ubuntu; Linux x86_64; rv:35.0) Gecko/20100101 Firefox/35.0"
125.141.73.54 - - [20/Jan/2015:08:57:34 -0500] "GET /gpforum/index.php?sid=1476e31432194ad847c60b5e7594e3c8 HTTP/1.1" 200 3167 "http://107.170.230.52/gpforum/adm/index.php?i=board&sid=1476e31432194ad847c60b5e7594e3c8&mode=email" "Mozilla/5.0 (X11; Ubuntu; Linux x86_64; rv:35.0) Gecko/20100101 Firefox/35.0"
125.141.73.54 - - [20/Jan/2015:08:57:36 -0500] "GET /gpforum/ucp.php?mode=logout&sid=1476e31432194ad847c60b5e7594e3c8 HTTP/1.1" 200 3239 "http://107.170.230.52/gpforum/index.php?sid=1476e31432194ad847c60b5e7594e3c8" "Mozilla/5.0 (X11; Ubuntu; Linux x86_64; rv:35.0) Gecko/20100101 Firefox/35.0"
125.141.73.54 - - [20/Jan/2015:08:57:36 -0500] "GET /gpforum/style.php?id=1&lang=en&sid=bddb27155e86cd881c9805700e2c1be9 HTTP/1.1" 200 14144 "http://107.170.230.52/gpforum/ucp.php?mode=logout&sid=1476e31432194ad847c60b5e7594e3c8" "Mozilla/5.0 (X11; Ubuntu; Linux x86_64; rv:35.0) Gecko/20100101 Firefox/35.0"
125.141.73.54 - - [20/Jan/2015:08:57:39 -0500] "GET /gpforum/index.php?sid=bddb27155e86cd881c9805700e2c1be9 HTTP/1.1" 200 3108 "http://107.170.230.52/gpforum/ucp.php?mode=logout&sid=1476e31432194ad847c60b5e7594e3c8" "Mozilla/5.0 (X11; Ubuntu; Linux x86_64; rv:35.0) Gecko/20100101 Firefox/35.0"
125.141.73.54 - - [20/Jan/2015:08:57:41 -0500] "POST /gpforum/ucp.php?mode=login HTTP/1.1" 200 3032 "http://107.170.230.52/gpforum/index.php?sid=bddb27155e86cd881c9805700e2c1be9" "Mozilla/5.0 (X11; Ubuntu; Linux x86_64; rv:35.0) Gecko/20100101 Firefox/35.0"
125.141.73.54 - - [20/Jan/2015:08:57:43 -0500] "GET /gpforum/ucp.php?mode=resend_act HTTP/1.1" 200 2654 "http://107.170.230.52/gpforum/ucp.php?mode=login" "Mozilla/5.0 (X11; Ubuntu; Linux x86_64; rv:35.0) Gecko/20100101 Firefox/35.0"
125.141.73.54 - - [20/Jan/2015:08:57:52 -0500] "POST /gpforum/ucp.php?mode=resend_act HTTP/1.1" 200 2380 "http://107.170.230.52/gpforum/ucp.php?mode=resend_act" "Mozilla/5.0 (X11; Ubuntu; Linux x86_64; rv:35.0) Gecko/20100101 Firefox/35.0"
125.141.73.54 - - [20/Jan/2015:08:57:55 -0500] "GET /gpforum/index.php HTTP/1.1" 200 3108 "-" "Mozilla/5.0 (X11; Ubuntu; Linux x86_64; rv:35.0) Gecko/20100101 Firefox/35.0"
125.141.73.54 - - [20/Jan/2015:08:58:29 -0500] "POST /gpforum/ucp.php?mode=login HTTP/1.1" 200 2878 "http://107.170.230.52/gpforum/index.php" "Mozilla/5.0 (X11; Ubuntu; Linux x86_64; rv:35.0) Gecko/20100101 Firefox/35.0"
125.141.73.54 - - [20/Jan/2015:08:58:29 -0500] "GET /gpforum/style.php?id=1&lang=en&sid=357951972dd5673e7473ea108d4bb005 HTTP/1.1" 200 14144 "http://107.170.230.52/gpforum/ucp.php?mode=login" "Mozilla/5.0 (X11; Ubuntu; Linux x86_64; rv:35.0) Gecko/20100101 Firefox/35.0"
125.141.73.54 - - [20/Jan/2015:08:58:32 -0500] "GET /gpforum/index.php?&sid=357951972dd5673e7473ea108d4bb005 HTTP/1.1" 200 3157 "http://107.170.230.52/gpforum/ucp.php?mode=login" "Mozilla/5.0 (X11; Ubuntu; Linux x86_64; rv:35.0) Gecko/20100101 Firefox/35.0"
125.141.73.54 - - [20/Jan/2015:08:58:42 -0500] "GET /gpforum/adm/index.php?sid=357951972dd5673e7473ea108d4bb005 HTTP/1.1" 200 2840 "http://107.170.230.52/gpforum/index.php?&sid=357951972dd5673e7473ea108d4bb005" "Mozilla/5.0 (X11; Ubuntu; Linux x86_64; rv:35.0) Gecko/20100101 Firefox/35.0"
125.141.73.54 - - [20/Jan/2015:08:58:48 -0500] "POST /gpforum/adm/index.php?sid=357951972dd5673e7473ea108d4bb005 HTTP/1.1" 200 3054 "http://107.170.230.52/gpforum/adm/index.php?sid=357951972dd5673e7473ea108d4bb005" "Mozilla/5.0 (X11; Ubuntu; Linux x86_64; rv:35.0) Gecko/20100101 Firefox/35.0"
125.141.73.54 - - [20/Jan/2015:08:58:48 -0500] "GET /gpforum/style.php?id=1&lang=en&sid=ae0b3432431b6d71fe3c87b78f821bd3 HTTP/1.1" 200 14144 "http://107.170.230.52/gpforum/adm/index.php?sid=357951972dd5673e7473ea108d4bb005" "Mozilla/5.0 (X11; Ubuntu; Linux x86_64; rv:35.0) Gecko/20100101 Firefox/35.0"
125.141.73.54 - - [20/Jan/2015:08:58:50 -0500] "GET /gpforum/adm/index.php?sid=ae0b3432431b6d71fe3c87b78f821bd3 HTTP/1.1" 200 4744 "http://107.170.230.52/gpforum/adm/index.php?sid=357951972dd5673e7473ea108d4bb005" "Mozilla/5.0 (X11; Ubuntu; Linux x86_64; rv:35.0) Gecko/20100101 Firefox/35.0"
125.141.73.54 - - [20/Jan/2015:08:58:53 -0500] "GET /gpforum/adm/index.php?sid=ae0b3432431b6d71fe3c87b78f821bd3&i=24 HTTP/1.1" 200 3977 "http://107.170.230.52/gpforum/adm/index.php?sid=ae0b3432431b6d71fe3c87b78f821bd3" "Mozilla/5.0 (X11; Ubuntu; Linux x86_64; rv:35.0) Gecko/20100101 Firefox/35.0"
125.141.73.54 - - [20/Jan/2015:08:58:54 -0500] "GET /gpforum/adm/index.php?sid=ae0b3432431b6d71fe3c87b78f821bd3&i=logs&mode=critical HTTP/1.1" 200 8731 "http://107.170.230.52/gpforum/adm/index.php?sid=ae0b3432431b6d71fe3c87b78f821bd3&i=24" "Mozilla/5.0 (X11; Ubuntu; Linux x86_64; rv:35.0) Gecko/20100101 Firefox/35.0"
125.141.73.54 - - [20/Jan/2015:08:59:18 -0500] "GET /gpforum/adm/index.php?sid=ae0b3432431b6d71fe3c87b78f821bd3&i=1 HTTP/1.1" 200 4745 "http://107.170.230.52/gpforum/adm/index.php?sid=ae0b3432431b6d71fe3c87b78f821bd3&i=logs&mode=critical" "Mozilla/5.0 (X11; Ubuntu; Linux x86_64; rv:35.0) Gecko/20100101 Firefox/35.0"
125.141.73.54 - - [20/Jan/2015:08:59:21 -0500] "GET /gpforum/adm/index.php?sid=ae0b3432431b6d71fe3c87b78f821bd3&i=board&mode=email HTTP/1.1" 200 4742 "http://107.170.230.52/gpforum/adm/index.php?sid=ae0b3432431b6d71fe3c87b78f821bd3&i=1" "Mozilla/5.0 (X11; Ubuntu; Linux x86_64; rv:35.0) Gecko/20100101 Firefox/35.0"
